user_5110.c:7:6:HAL_SPI_TxCpltCallback	16	static
user_5110.c:127:6:LCD_Init	8	static
user_5110.c:139:6:LCD_Reset	8	static
user_5110.c:150:6:LCD_Set_Postion	16	static
user_5110.c:158:6:LCD_Clear	16	static
user_5110.c:175:6:LCD_Write_Char	24	static
user_5110.c:187:6:LCD_Write_String	16	static
user_5110.c:199:6:LCD_Write_Command	24	static
user_5110.c:223:6:LCD_Write_Data	24	static
user_5110.c:246:6:LCD_Set_Contrast	16	static
user_5110.c:256:6:LCD_Write_Bitmap	24	static
user_5110.c:266:6:LCD_Test_Image	8	static
user_5110.c:273:6:LCD_Sorrentino	8	static
user_5110.c:277:6:LCD_Inverse_Mode	8	static
user_5110.c:282:6:LCD_Direct_Mode	8	static
user_5110.c:291:6:LCD_Callback	8	static
user_5110.c:300:6:LCD_Power_Off	8	static
